Z:\rafael.fatec.sp.gov.br\OneDrive - Fatec Centro Paula Souza\_SPRING\springBetApp\src\main\java\app\lottery\bet\BetService.java
Z:\rafael.fatec.sp.gov.br\OneDrive - Fatec Centro Paula Souza\_SPRING\springBetApp\src\main\java\app\lottery\bet\BetController.java
Z:\rafael.fatec.sp.gov.br\OneDrive - Fatec Centro Paula Souza\_SPRING\springBetApp\src\main\java\app\lottery\user\UserRepository.java
Z:\rafael.fatec.sp.gov.br\OneDrive - Fatec Centro Paula Souza\_SPRING\springBetApp\src\main\java\app\lottery\user\UserDTO.java
Z:\rafael.fatec.sp.gov.br\OneDrive - Fatec Centro Paula Souza\_SPRING\springBetApp\src\main\java\app\lottery\bet\BetTicketDTO.java
Z:\rafael.fatec.sp.gov.br\OneDrive - Fatec Centro Paula Souza\_SPRING\springBetApp\src\main\java\app\lottery\bet\Bet.java
Z:\rafael.fatec.sp.gov.br\OneDrive - Fatec Centro Paula Souza\_SPRING\springBetApp\src\main\java\app\lottery\bet\BetTicket.java
Z:\rafael.fatec.sp.gov.br\OneDrive - Fatec Centro Paula Souza\_SPRING\springBetApp\src\main\java\app\lottery\user\User.java
Z:\rafael.fatec.sp.gov.br\OneDrive - Fatec Centro Paula Souza\_SPRING\springBetApp\src\main\java\app\lottery\bet\BetTicketRepository.java
Z:\rafael.fatec.sp.gov.br\OneDrive - Fatec Centro Paula Souza\_SPRING\springBetApp\src\main\java\app\lottery\bet\BetGeneratorServiceImpl.java
Z:\rafael.fatec.sp.gov.br\OneDrive - Fatec Centro Paula Souza\_SPRING\springBetApp\src\main\java\app\lottery\bet\BetServiceImpl.java
Z:\rafael.fatec.sp.gov.br\OneDrive - Fatec Centro Paula Souza\_SPRING\springBetApp\src\main\java\app\lottery\bet\BetTicketController.java
Z:\rafael.fatec.sp.gov.br\OneDrive - Fatec Centro Paula Souza\_SPRING\springBetApp\src\main\java\app\lottery\LotteryApplication.java
Z:\rafael.fatec.sp.gov.br\OneDrive - Fatec Centro Paula Souza\_SPRING\springBetApp\src\main\java\app\lottery\bet\BetGeneratorService.java
Z:\rafael.fatec.sp.gov.br\OneDrive - Fatec Centro Paula Souza\_SPRING\springBetApp\src\main\java\app\lottery\configuration\JsonConfiguration.java
